Archive member included to satisfy reference by file (symbol)

/Applications/ArmGNUToolchain/13.2.Rel1/arm-none-eabi/bin/../lib/gcc/arm-none-eabi/13.2.1/../../../../arm-none-eabi/lib/thumb/v7e-m+fp/hard/libc_nano.a(libc_a-exit.o)
                              /Applications/ArmGNUToolchain/13.2.Rel1/arm-none-eabi/bin/../lib/gcc/arm-none-eabi/13.2.1/../../../../arm-none-eabi/lib/thumb/v7e-m+fp/hard/crt0.o (exit)
/Applications/ArmGNUToolchain/13.2.Rel1/arm-none-eabi/bin/../lib/gcc/arm-none-eabi/13.2.1/../../../../arm-none-eabi/lib/thumb/v7e-m+fp/hard/libc_nano.a(libc_a-findfp.o)
                              /Applications/ArmGNUToolchain/13.2.Rel1/arm-none-eabi/bin/../lib/gcc/arm-none-eabi/13.2.1/../../../../arm-none-eabi/lib/thumb/v7e-m+fp/hard/libc_nano.a(libc_a-exit.o) (__stdio_exit_handler)
/Applications/ArmGNUToolchain/13.2.Rel1/arm-none-eabi/bin/../lib/gcc/arm-none-eabi/13.2.1/../../../../arm-none-eabi/lib/thumb/v7e-m+fp/hard/libc_nano.a(libc_a-fwalk.o)
                              /Applications/ArmGNUToolchain/13.2.Rel1/arm-none-eabi/bin/../lib/gcc/arm-none-eabi/13.2.1/../../../../arm-none-eabi/lib/thumb/v7e-m+fp/hard/libc_nano.a(libc_a-findfp.o) (_fwalk_sglue)
/Applications/ArmGNUToolchain/13.2.Rel1/arm-none-eabi/bin/../lib/gcc/arm-none-eabi/13.2.1/../../../../arm-none-eabi/lib/thumb/v7e-m+fp/hard/libc_nano.a(libc_a-memset.o)
                              /Applications/ArmGNUToolchain/13.2.Rel1/arm-none-eabi/bin/../lib/gcc/arm-none-eabi/13.2.1/../../../../arm-none-eabi/lib/thumb/v7e-m+fp/hard/crt0.o (memset)
/Applications/ArmGNUToolchain/13.2.Rel1/arm-none-eabi/bin/../lib/gcc/arm-none-eabi/13.2.1/../../../../arm-none-eabi/lib/thumb/v7e-m+fp/hard/libc_nano.a(libc_a-impure.o)
                              /Applications/ArmGNUToolchain/13.2.Rel1/arm-none-eabi/bin/../lib/gcc/arm-none-eabi/13.2.1/../../../../arm-none-eabi/lib/thumb/v7e-m+fp/hard/libc_nano.a(libc_a-findfp.o) (_impure_data)
/Applications/ArmGNUToolchain/13.2.Rel1/arm-none-eabi/bin/../lib/gcc/arm-none-eabi/13.2.1/../../../../arm-none-eabi/lib/thumb/v7e-m+fp/hard/libc_nano.a(libc_a-init.o)
                              /Applications/ArmGNUToolchain/13.2.Rel1/arm-none-eabi/bin/../lib/gcc/arm-none-eabi/13.2.1/../../../../arm-none-eabi/lib/thumb/v7e-m+fp/hard/crt0.o (__libc_init_array)
/Applications/ArmGNUToolchain/13.2.Rel1/arm-none-eabi/bin/../lib/gcc/arm-none-eabi/13.2.1/../../../../arm-none-eabi/lib/thumb/v7e-m+fp/hard/libc_nano.a(libc_a-lock.o)
                              /Applications/ArmGNUToolchain/13.2.Rel1/arm-none-eabi/bin/../lib/gcc/arm-none-eabi/13.2.1/../../../../arm-none-eabi/lib/thumb/v7e-m+fp/hard/libc_nano.a(libc_a-findfp.o) (__retarget_lock_init_recursive)
/Applications/ArmGNUToolchain/13.2.Rel1/arm-none-eabi/bin/../lib/gcc/arm-none-eabi/13.2.1/../../../../arm-none-eabi/lib/thumb/v7e-m+fp/hard/libc_nano.a(libc_a-mallocr.o)
                              /Applications/ArmGNUToolchain/13.2.Rel1/arm-none-eabi/bin/../lib/gcc/arm-none-eabi/13.2.1/../../../../arm-none-eabi/lib/thumb/v7e-m+fp/hard/libc_nano.a(libc_a-findfp.o) (_malloc_r)
/Applications/ArmGNUToolchain/13.2.Rel1/arm-none-eabi/bin/../lib/gcc/arm-none-eabi/13.2.1/../../../../arm-none-eabi/lib/thumb/v7e-m+fp/hard/libc_nano.a(libc_a-fflush.o)
                              /Applications/ArmGNUToolchain/13.2.Rel1/arm-none-eabi/bin/../lib/gcc/arm-none-eabi/13.2.1/../../../../arm-none-eabi/lib/thumb/v7e-m+fp/hard/libc_nano.a(libc_a-findfp.o) (_fflush_r)
/Applications/ArmGNUToolchain/13.2.Rel1/arm-none-eabi/bin/../lib/gcc/arm-none-eabi/13.2.1/../../../../arm-none-eabi/lib/thumb/v7e-m+fp/hard/libc_nano.a(libc_a-mlock.o)
                              /Applications/ArmGNUToolchain/13.2.Rel1/arm-none-eabi/bin/../lib/gcc/arm-none-eabi/13.2.1/../../../../arm-none-eabi/lib/thumb/v7e-m+fp/hard/libc_nano.a(libc_a-mallocr.o) (__malloc_lock)
/Applications/ArmGNUToolchain/13.2.Rel1/arm-none-eabi/bin/../lib/gcc/arm-none-eabi/13.2.1/../../../../arm-none-eabi/lib/thumb/v7e-m+fp/hard/libc_nano.a(libc_a-stdio.o)
                              /Applications/ArmGNUToolchain/13.2.Rel1/arm-none-eabi/bin/../lib/gcc/arm-none-eabi/13.2.1/../../../../arm-none-eabi/lib/thumb/v7e-m+fp/hard/libc_nano.a(libc_a-findfp.o) (__sread)
/Applications/ArmGNUToolchain/13.2.Rel1/arm-none-eabi/bin/../lib/gcc/arm-none-eabi/13.2.1/../../../../arm-none-eabi/lib/thumb/v7e-m+fp/hard/libc_nano.a(libc_a-closer.o)
                              /Applications/ArmGNUToolchain/13.2.Rel1/arm-none-eabi/bin/../lib/gcc/arm-none-eabi/13.2.1/../../../../arm-none-eabi/lib/thumb/v7e-m+fp/hard/libc_nano.a(libc_a-stdio.o) (_close_r)
/Applications/ArmGNUToolchain/13.2.Rel1/arm-none-eabi/bin/../lib/gcc/arm-none-eabi/13.2.1/../../../../arm-none-eabi/lib/thumb/v7e-m+fp/hard/libc_nano.a(libc_a-reent.o)
                              /Applications/ArmGNUToolchain/13.2.Rel1/arm-none-eabi/bin/../lib/gcc/arm-none-eabi/13.2.1/../../../../arm-none-eabi/lib/thumb/v7e-m+fp/hard/libc_nano.a(libc_a-closer.o) (errno)
[...]
Memory Configuration

Name             Origin             Length             Attributes
RAM              0x20000000         0x00020000         xrw
FLASH            0x08000000         0x00080000         xr
*default*        0x00000000         0xffffffff

Linker script and memory map

LOAD /Applications/ArmGNUToolchain/13.2.Rel1/arm-none-eabi/bin/../lib/gcc/arm-none-eabi/13.2.1/thumb/v7e-m+fp/hard/crti.o
LOAD /Applications/ArmGNUToolchain/13.2.Rel1/arm-none-eabi/bin/../lib/gcc/arm-none-eabi/13.2.1/thumb/v7e-m+fp/hard/crtbegin.o
LOAD /Applications/ArmGNUToolchain/13.2.Rel1/arm-none-eabi/bin/../lib/gcc/arm-none-eabi/13.2.1/../../../../arm-none-eabi/lib/thumb/v7e-m+fp/hard/crt0.o
START GROUP
LOAD /Applications/ArmGNUToolchain/13.2.Rel1/arm-none-eabi/bin/../lib/gcc/arm-none-eabi/13.2.1/../../../../arm-none-eabi/lib/thumb/v7e-m+fp/hard/libc_nano.a
LOAD /Applications/ArmGNUToolchain/13.2.Rel1/arm-none-eabi/bin/../lib/gcc/arm-none-eabi/13.2.1/../../../../arm-none-eabi/lib/thumb/v7e-m+fp/hard/libm.a
END GROUP
LOAD CMakeFiles/stm32-wave-generator.dir/src/main.c.obj
LOAD CMakeFiles/stm32-wave-generator.dir/src/sys/syscalls.c.obj
LOAD CMakeFiles/stm32-wave-generator.dir/src/sys/sysmem.c.obj
LOAD CMakeFiles/stm32-wave-generator.dir/src/sys/system_stm32f4xx.c.obj
LOAD CMakeFiles/stm32-wave-generator.dir/src/rcc.c.obj
LOAD CMakeFiles/stm32-wave-generator.dir/src/timer.c.obj
LOAD CMakeFiles/stm32-wave-generator.dir/src/uart.c.obj
LOAD CMakeFiles/stm32-wave-generator.dir/src/boot/startup_stm32f446xx.s.obj
START GROUP
LOAD /Applications/ArmGNUToolchain/13.2.Rel1/arm-none-eabi/bin/../lib/gcc/arm-none-eabi/13.2.1/thumb/v7e-m+fp/hard/libgcc.a
LOAD /Applications/ArmGNUToolchain/13.2.Rel1/arm-none-eabi/bin/../lib/gcc/arm-none-eabi/13.2.1/../../../../arm-none-eabi/lib/thumb/v7e-m+fp/hard/libg_nano.a
LOAD /Applications/ArmGNUToolchain/13.2.Rel1/arm-none-eabi/bin/../lib/gcc/arm-none-eabi/13.2.1/../../../../arm-none-eabi/lib/thumb/v7e-m+fp/hard/libc_nano.a
END GROUP
START GROUP
LOAD /Applications/ArmGNUToolchain/13.2.Rel1/arm-none-eabi/bin/../lib/gcc/arm-none-eabi/13.2.1/thumb/v7e-m+fp/hard/libgcc.a
LOAD /Applications/ArmGNUToolchain/13.2.Rel1/arm-none-eabi/bin/../lib/gcc/arm-none-eabi/13.2.1/../../../../arm-none-eabi/lib/thumb/v7e-m+fp/hard/libc_nano.a
END GROUP
LOAD /Applications/ArmGNUToolchain/13.2.Rel1/arm-none-eabi/bin/../lib/gcc/arm-none-eabi/13.2.1/thumb/v7e-m+fp/hard/crtend.o
LOAD /Applications/ArmGNUToolchain/13.2.Rel1/arm-none-eabi/bin/../lib/gcc/arm-none-eabi/13.2.1/thumb/v7e-m+fp/hard/crtn.o
                0x20020000                        _estack = (ORIGIN (RAM) + LENGTH (RAM))
                0x00000200                        _Min_Heap_Size = 0x200
                0x00000400                        _Min_Stack_Size = 0x400

.isr_vector     0x08000000      0x1c4
                0x08000000                        . = ALIGN (0x4)
 *(.isr_vector)
 .isr_vector    0x08000000      0x1c4 CMakeFiles/stm32-wave-generator.dir/src/boot/startup_stm32f446xx.s.obj
                0x08000000                g_pfnVectors
                0x080001c4                        . = ALIGN (0x4)

.text           0x080001d0     0x1480
                0x080001d0                        . = ALIGN (0x4)
 *(.text)
 .text          0x080001d0       0xa0 /Applications/ArmGNUToolchain/13.2.Rel1/arm-none-eabi/bin/../lib/gcc/arm-none-eabi/13.2.1/../../../../arm-none-eabi/lib/thumb/v7e-m+fp/hard/libg_nano.a(libc_a-memchr.o)
                0x080001d0                memchr
 *(.text*)
 .text.deregister_tm_clones
                0x08000270       0x1c /Applications/ArmGNUToolchain/13.2.Rel1/arm-none-eabi/bin/../lib/gcc/arm-none-eabi/13.2.1/thumb/v7e-m+fp/hard/crtbegin.o
 .text.register_tm_clones
                0x0800028c       0x24 /Applications/ArmGNUToolchain/13.2.Rel1/arm-none-eabi/bin/../lib/gcc/arm-none-eabi/13.2.1/thumb/v7e-m+fp/hard/crtbegin.o
 .text.__do_global_dtors_aux
                0x080002b0       0x28 /Applications/ArmGNUToolchain/13.2.Rel1/arm-none-eabi/bin/../lib/gcc/arm-none-eabi/13.2.1/thumb/v7e-m+fp/hard/crtbegin.o
 .text.frame_dummy
                0x080002d8       0x24 /Applications/ArmGNUToolchain/13.2.Rel1/arm-none-eabi/bin/../lib/gcc/arm-none-eabi/13.2.1/thumb/v7e-m+fp/hard/crtbegin.o
 .text.std      0x080002fc       0x6c /Applications/ArmGNUToolchain/13.2.Rel1/arm-none-eabi/bin/../lib/gcc/arm-none-eabi/13.2.1/../../../../arm-none-eabi/lib/thumb/v7e-m+fp/hard/libc_nano.a(libc_a-findfp.o)
 .text.stdio_exit_handler
                0x08000368       0x18 /Applications/ArmGNUToolchain/13.2.Rel1/arm-none-eabi/bin/../lib/gcc/arm-none-eabi/13.2.1/../../../../arm-none-eabi/lib/thumb/v7e-m+fp/hard/libc_nano.a(libc_a-findfp.o)
 .text.cleanup_stdio
                0x08000380       0x40 /Applications/ArmGNUToolchain/13.2.Rel1/arm-none-eabi/bin/../lib/gcc/arm-none-eabi/13.2.1/../../../../arm-none-eabi/lib/thumb/v7e-m+fp/hard/libc_nano.a(libc_a-findfp.o)
 .text.global_stdio_init.part.0
                0x080003c0       0x3c /Applications/ArmGNUToolchain/13.2.Rel1/arm-none-eabi/bin/../lib/gcc/arm-none-eabi/13.2.1/../../../../arm-none-eabi/lib/thumb/v7e-m+fp/hard/libc_nano.a(libc_a-findfp.o)
 .text.__sfp_lock_acquire
                0x080003fc        0xc /Applications/ArmGNUToolchain/13.2.Rel1/arm-none-eabi/bin/../lib/gcc/arm-none-eabi/13.2.1/../../../../arm-none-eabi/lib/thumb/v7e-m+fp/hard/libc_nano.a(libc_a-findfp.o)
                0x080003fc                __sfp_lock_acquire
 .text.__sfp_lock_release
                0x08000408        0xc /Applications/ArmGNUToolchain/13.2.Rel1/arm-none-eabi/bin/../lib/gcc/arm-none-eabi/13.2.1/../../../../arm-none-eabi/lib/thumb/v7e-m+fp/hard/libc_nano.a(libc_a-findfp.o)
                0x08000408                __sfp_lock_release
 .text.__sinit  0x08000414       0x30 /Applications/ArmGNUToolchain/13.2.Rel1/arm-none-eabi/bin/../lib/gcc/arm-none-eabi/13.2.1/../../../../arm-none-eabi/lib/thumb/v7e-m+fp/hard/libc_nano.a(libc_a-findfp.o)
                0x08000414                __sinit
 .text._fwalk_sglue
                0x08000444       0x3c /Applications/ArmGNUToolchain/13.2.Rel1/arm-none-eabi/bin/../lib/gcc/arm-none-eabi/13.2.1/../../../../arm-none-eabi/lib/thumb/v7e-m+fp/hard/libc_nano.a(libc_a-fwalk.o)
                0x08000444                _fwalk_sglue
 .text.memset   0x08000480       0x10 /Applications/ArmGNUToolchain/13.2.Rel1/arm-none-eabi/bin/../lib/gcc/arm-none-eabi/13.2.1/../../../../arm-none-eabi/lib/thumb/v7e-m+fp/hard/libc_nano.a(libc_a-memset.o)
                0x08000480                memset
 .text.__libc_init_array
                0x08000490       0x48 /Applications/ArmGNUToolchain/13.2.Rel1/arm-none-eabi/bin/../lib/gcc/arm-none-eabi/13.2.1/../../../../arm-none-eabi/lib/thumb/v7e-m+fp/hard/libc_nano.a(libc_a-init.o)
                0x08000490                __libc_init_array
 .text.__retarget_lock_init_recursive
                0x080004d8        0x2 /Applications/ArmGNUToolchain/13.2.Rel1/arm-none-eabi/bin/../lib/gcc/arm-none-eabi/13.2.1/../../../../arm-none-eabi/lib/thumb/v7e-m+fp/hard/libc_nano.a(libc_a-lock.o)
                0x080004d8                __retarget_lock_init_recursive
 .text.__retarget_lock_acquire_recursive
                0x080004da        0x2 /Applications/ArmGNUToolchain/13.2.Rel1/arm-none-eabi/bin/../lib/gcc/arm-none-eabi/13.2.1/../../../../arm-none-eabi/lib/thumb/v7e-m+fp/hard/libc_nano.a(libc_a-lock.o)
                0x080004da                __retarget_lock_acquire_recursive
 .text.__retarget_lock_release_recursive
                0x080004dc        0x2 /Applications/ArmGNUToolchain/13.2.Rel1/arm-none-eabi/bin/../lib/gcc/arm-none-eabi/13.2.1/../../../../arm-none-eabi/lib/thumb/v7e-m+fp/hard/libc_nano.a(libc_a-lock.o)
                0x080004dc                __retarget_lock_release_recursive
 *fill*         0x080004de        0x2 
 .text.sbrk_aligned
                0x080004e0       0x44 /Applications/ArmGNUToolchain/13.2.Rel1/arm-none-eabi/bin/../lib/gcc/arm-none-eabi/13.2.1/../../../../arm-none-eabi/lib/thumb/v7e-m+fp/hard/libc_nano.a(libc_a-mallocr.o)
 .text._malloc_r
                0x08000524      0x100 /Applications/ArmGNUToolchain/13.2.Rel1/arm-none-eabi/bin/../lib/gcc/arm-none-eabi/13.2.1/../../../../arm-none-eabi/lib/thumb/v7e-m+fp/hard/libc_nano.a(libc_a-mallocr.o)
                0x08000524                _malloc_r
 .text.__sflush_r
                0x08000624      0x108 /Applications/ArmGNUToolchain/13.2.Rel1/arm-none-eabi/bin/../lib/gcc/arm-none-eabi/13.2.1/../../../../arm-none-eabi/lib/thumb/v7e-m+fp/hard/libc_nano.a(libc_a-fflush.o)
                0x08000624                __sflush_r
 .text._fflush_r
                0x0800072c       0x50 /Applications/ArmGNUToolchain/13.2.Rel1/arm-none-eabi/bin/../lib/gcc/arm-none-eabi/13.2.1/../../../../arm-none-eabi/lib/thumb/v7e-m+fp/hard/libc_nano.a(libc_a-fflush.o)
                0x0800072c                _fflush_r
 .text.__malloc_lock
                0x0800077c        0xc /Applications/ArmGNUToolchain/13.2.Rel1/arm-none-eabi/bin/../lib/gcc/arm-none-eabi/13.2.1/../../../../arm-none-eabi/lib/thumb/v7e-m+fp/hard/libc_nano.a(libc_a-mlock.o)
                0x0800077c                __malloc_lock
 .text.__malloc_unlock
                0x08000788        0xc /Applications/ArmGNUToolchain/13.2.Rel1/arm-none-eabi/bin/../lib/gcc/arm-none-eabi/13.2.1/../../../../arm-none-eabi/lib/thumb/v7e-m+fp/hard/libc_nano.a(libc_a-mlock.o)
                0x08000788                __malloc_unlock
 .text.__sread  0x08000794       0x22 /Applications/ArmGNUToolchain/13.2.Rel1/arm-none-eabi/bin/../lib/gcc/arm-none-eabi/13.2.1/../../../../arm-none-eabi/lib/thumb/v7e-m+fp/hard/libc_nano.a(libc_a-stdio.o)
                0x08000794                __sread
 .text.__swrite
                0x080007b6       0x38 /Applications/ArmGNUToolchain/13.2.Rel1/arm-none-eabi/bin/../lib/gcc/arm-none-eabi/13.2.1/../../../../arm-none-eabi/lib/thumb/v7e-m+fp/hard/libc_nano.a(libc_a-stdio.o)
                0x080007b6                __swrite
 .text.__sseek  0x080007ee       0x24 /Applications/ArmGNUToolchain/13.2.Rel1/arm-none-eabi/bin/../lib/gcc/arm-none-eabi/13.2.1/../../../../arm-none-eabi/lib/thumb/v7e-m+fp/hard/libc_nano.a(libc_a-stdio.o)
                0x080007ee                __sseek
 .text.__sclose
                0x08000812        0x8 /Applications/ArmGNUToolchain/13.2.Rel1/arm-none-eabi/bin/../lib/gcc/arm-none-eabi/13.2.1/../../../../arm-none-eabi/lib/thumb/v7e-m+fp/hard/libc_nano.a(libc_a-stdio.o)
                0x08000812                __sclose
 *fill*         0x0800081a        0x2 
 .text._close_r
                0x0800081c       0x20 /Applications/ArmGNUToolchain/13.2.Rel1/arm-none-eabi/bin/../lib/gcc/arm-none-eabi/13.2.1/../../../../arm-none-eabi/lib/thumb/v7e-m+fp/hard/libc_nano.a(libc_a-closer.o)
                0x0800081c                _close_r
 .text._lseek_r
                0x0800083c       0x24 /Applications/ArmGNUToolchain/13.2.Rel1/arm-none-eabi/bin/../lib/gcc/arm-none-eabi/13.2.1/../../../../arm-none-eabi/lib/thumb/v7e-m+fp/hard/libc_nano.a(libc_a-lseekr.o)
                0x0800083c                _lseek_r
 .text._read_r  0x08000860       0x24 /Applications/ArmGNUToolchain/13.2.Rel1/arm-none-eabi/bin/../lib/gcc/arm-none-eabi/13.2.1/../../../../arm-none-eabi/lib/thumb/v7e-m+fp/hard/libc_nano.a(libc_a-readr.o)
                0x08000860                _read_r
 .text._sbrk_r  0x08000884       0x20 /Applications/ArmGNUToolchain/13.2.Rel1/arm-none-eabi/bin/../lib/gcc/arm-none-eabi/13.2.1/../../../../arm-none-eabi/lib/thumb/v7e-m+fp/hard/libc_nano.a(libc_a-sbrkr.o)
                0x08000884                _sbrk_r
 .text._write_r
                0x080008a4       0x24 /Applications/ArmGNUToolchain/13.2.Rel1/arm-none-eabi/bin/../lib/gcc/arm-none-eabi/13.2.1/../../../../arm-none-eabi/lib/thumb/v7e-m+fp/hard/libc_nano.a(libc_a-writer.o)
                0x080008a4                _write_r
 .text._free_r  0x080008c8       0x94 /Applications/ArmGNUToolchain/13.2.Rel1/arm-none-eabi/bin/../lib/gcc/arm-none-eabi/13.2.1/../../../../arm-none-eabi/lib/thumb/v7e-m+fp/hard/libc_nano.a(libc_a-freer.o)
                0x080008c8                _free_r
 .text.main     0x0800095c       0x20 CMakeFiles/stm32-wave-generator.dir/src/main.c.obj
                0x0800095c                main
 .text._read    0x0800097c       0x3a CMakeFiles/stm32-wave-generator.dir/src/sys/syscalls.c.obj
                0x0800097c                _read
 .text._write   0x080009b6       0x38 CMakeFiles/stm32-wave-generator.dir/src/sys/syscalls.c.obj
                0x080009b6                _write
 .text._close   0x080009ee       0x18 CMakeFiles/stm32-wave-generator.dir/src/sys/syscalls.c.obj
                0x080009ee                _close
 .text._fstat   0x08000a06       0x20 CMakeFiles/stm32-wave-generator.dir/src/sys/syscalls.c.obj
                0x08000a06                _fstat
 .text._isatty  0x08000a26       0x16 CMakeFiles/stm32-wave-generator.dir/src/sys/syscalls.c.obj
                0x08000a26                _isatty
 .text._lseek   0x08000a3c       0x1a CMakeFiles/stm32-wave-generator.dir/src/sys/syscalls.c.obj
                0x08000a3c                _lseek
 *fill*         0x08000a56        0x2 
 .text._sbrk    0x08000a58       0x6c CMakeFiles/stm32-wave-generator.dir/src/sys/sysmem.c.obj
                0x08000a58                _sbrk
 .text.SystemInit
                0x08000ac4       0x24 CMakeFiles/stm32-wave-generator.dir/src/sys/system_stm32f4xx.c.obj
                0x08000ac4                SystemInit
 .text.SystemCoreClockUpdate
                0x08000ae8      0x100 CMakeFiles/stm32-wave-generator.dir/src/sys/system_stm32f4xx.c.obj
                0x08000ae8                SystemCoreClockUpdate
 .text.configure_clocks
                0x08000be8       0xf0 CMakeFiles/stm32-wave-generator.dir/src/rcc.c.obj
                0x08000be8                configure_clocks
 .text.configure_uart
                0x08000cd8       0x9c CMakeFiles/stm32-wave-generator.dir/src/uart.c.obj
                0x08000cd8                configure_uart
 .text.send_uart
                0x08000d74       0x58 CMakeFiles/stm32-wave-generator.dir/src/uart.c.obj
                0x08000d74                send_uart
 .text.__io_putchar
                0x08000dcc       0x1c CMakeFiles/stm32-wave-generator.dir/src/uart.c.obj
                0x08000dcc                __io_putchar
 .text.Reset_Handler
                0x08000de8       0x50 CMakeFiles/stm32-wave-generator.dir/src/boot/startup_stm32f446xx.s.obj
                0x08000de8                Reset_Handler
 .text.Default_Handler
                0x08000e38        0x2 CMakeFiles/stm32-wave-generator.dir/src/boot/startup_stm32f446xx.s.obj
                0x08000e38                DMA1_Stream3_IRQHandler
                0x08000e38                EXTI2_IRQHandler
                0x08000e38                TIM8_CC_IRQHandler
                0x08000e38                DebugMon_Handler
                0x08000e38                FMPI2C1_EV_IRQHandler
                0x08000e38                SPI4_IRQHandler
                0x08000e38                TIM1_CC_IRQHandler
                0x08000e38                DMA2_Stream5_IRQHandler
                0x08000e38                HardFault_Handler
                0x08000e38                DMA1_Stream5_IRQHandler
                0x08000e38                SysTick_Handler
                0x08000e38                PVD_IRQHandler
                0x08000e38                SDIO_IRQHandler
                0x08000e38                TAMP_STAMP_IRQHandler
                0x08000e38                PendSV_Handler
                0x08000e38                NMI_Handler
                0x08000e38                CAN2_RX1_IRQHandler
                0x08000e38                EXTI3_IRQHandler
                0x08000e38                TIM8_TRG_COM_TIM14_IRQHandler
                0x08000e38                TIM1_UP_TIM10_IRQHandler
                0x08000e38                TIM8_UP_TIM13_IRQHandler
                0x08000e38                I2C3_ER_IRQHandler
                0x08000e38                EXTI0_IRQHandler
                0x08000e38                I2C2_EV_IRQHandler
                0x08000e38                DMA1_Stream2_IRQHandler
                0x08000e38                CAN1_RX0_IRQHandler
                0x08000e38                FPU_IRQHandler
                0x08000e38                OTG_HS_WKUP_IRQHandler
                0x08000e38                UsageFault_Handler
                0x08000e38                CAN2_SCE_IRQHandler
                0x08000e38                DMA2_Stream2_IRQHandler
                0x08000e38                SPI1_IRQHandler
                0x08000e38                TIM6_DAC_IRQHandler
                0x08000e38                TIM1_BRK_TIM9_IRQHandler
                0x08000e38                DCMI_IRQHandler
                0x08000e38                CAN2_RX0_IRQHandler
                0x08000e38                DMA2_Stream3_IRQHandler
                0x08000e38                SAI2_IRQHandler
                0x08000e38                USART6_IRQHandler
                0x08000e38                USART3_IRQHandler
                0x08000e38                CAN1_RX1_IRQHandler
                0x08000e38                UART5_IRQHandler
                0x08000e38                DMA2_Stream0_IRQHandler
                0x08000e38                TIM4_IRQHandler
                0x08000e38                QUADSPI_IRQHandler
                0x08000e38                I2C1_EV_IRQHandler
                0x08000e38                DMA1_Stream6_IRQHandler
                0x08000e38                DMA1_Stream1_IRQHandler
                0x08000e38                UART4_IRQHandler
                0x08000e38                TIM3_IRQHandler
                0x08000e38                RCC_IRQHandler
                0x08000e38                TIM8_BRK_TIM12_IRQHandler
                0x08000e38                Default_Handler
                0x08000e38                CEC_IRQHandler
                0x08000e38                EXTI15_10_IRQHandler
                0x08000e38                ADC_IRQHandler
                0x08000e38                DMA1_Stream7_IRQHandler
                0x08000e38                TIM7_IRQHandler
                0x08000e38                CAN2_TX_IRQHandler
                0x08000e38                TIM5_IRQHandler
                0x08000e38                DMA2_Stream7_IRQHandler
                0x08000e38                I2C3_EV_IRQHandler
                0x08000e38                EXTI9_5_IRQHandler
                0x08000e38                RTC_WKUP_IRQHandler
                0x08000e38                SPDIF_RX_IRQHandler
                0x08000e38                SPI2_IRQHandler
                0x08000e38                OTG_HS_EP1_IN_IRQHandler
                0x08000e38                MemManage_Handler
                0x08000e38                DMA1_Stream0_IRQHandler
                0x08000e38                CAN1_TX_IRQHandler
                0x08000e38                SVC_Handler
                0x08000e38                FMPI2C1_ER_IRQHandler
                0x08000e38                EXTI4_IRQHandler
                0x08000e38                OTG_HS_EP1_OUT_IRQHandler
                0x08000e38                WWDG_IRQHandler
                0x08000e38                TIM2_IRQHandler
                0x08000e38                OTG_FS_WKUP_IRQHandler
                0x08000e38                TIM1_TRG_COM_TIM11_IRQHandler
                0x08000e38                OTG_HS_IRQHandler
                0x08000e38                EXTI1_IRQHandler
                0x08000e38                USART2_IRQHandler
                0x08000e38                I2C2_ER_IRQHandler
                0x08000e38                DMA2_Stream1_IRQHandler
                0x08000e38                CAN1_SCE_IRQHandler
                0x08000e38                FLASH_IRQHandler
                0x08000e38                DMA2_Stream4_IRQHandler
                0x08000e38                BusFault_Handler
                0x08000e38                USART1_IRQHandler
                0x08000e38                OTG_FS_IRQHandler
                0x08000e38                SPI3_IRQHandler
                0x08000e38                DMA1_Stream4_IRQHandler
                0x08000e38                I2C1_ER_IRQHandler
                0x08000e38                FMC_IRQHandler
                0x08000e38                DMA2_Stream6_IRQHandler
                0x08000e38                SAI1_IRQHandler
                0x08000e38                RTC_Alarm_IRQHandler
 *fill*         0x08000e3a        0x2 
 .text.printf   0x08000e3c       0x24 /Applications/ArmGNUToolchain/13.2.Rel1/arm-none-eabi/bin/../lib/gcc/arm-none-eabi/13.2.1/../../../../arm-none-eabi/lib/thumb/v7e-m+fp/hard/libg_nano.a(libc_a-printf.o)
                0x08000e3c                printf
                0x08000e3c                iprintf
 .text.__errno  0x08000e60        0xc /Applications/ArmGNUToolchain/13.2.Rel1/arm-none-eabi/bin/../lib/gcc/arm-none-eabi/13.2.1/../../../../arm-none-eabi/lib/thumb/v7e-m+fp/hard/libg_nano.a(libc_a-errno.o)
                0x08000e60                __errno
 .text.__sfputc_r
                0x08000e6c       0x2e /Applications/ArmGNUToolchain/13.2.Rel1/arm-none-eabi/bin/../lib/gcc/arm-none-eabi/13.2.1/../../../../arm-none-eabi/lib/thumb/v7e-m+fp/hard/libg_nano.a(libc_a-nano-vfprintf.o)
 .text.__sfputs_r
                0x08000e9a       0x24 /Applications/ArmGNUToolchain/13.2.Rel1/arm-none-eabi/bin/../lib/gcc/arm-none-eabi/13.2.1/../../../../arm-none-eabi/lib/thumb/v7e-m+fp/hard/libg_nano.a(libc_a-nano-vfprintf.o)
                0x08000e9a                __sfputs_r
 *fill*         0x08000ebe        0x2 
 .text._vfprintf_r
                0x08000ec0      0x230 /Applications/ArmGNUToolchain/13.2.Rel1/arm-none-eabi/bin/../lib/gcc/arm-none-eabi/13.2.1/../../../../arm-none-eabi/lib/thumb/v7e-m+fp/hard/libg_nano.a(libc_a-nano-vfprintf.o)
                0x08000ec0                _vfiprintf_r
                0x08000ec0                _vfprintf_r
 .text._printf_common
                0x080010f0       0xda /Applications/ArmGNUToolchain/13.2.Rel1/arm-none-eabi/bin/../lib/gcc/arm-none-eabi/13.2.1/../../../../arm-none-eabi/lib/thumb/v7e-m+fp/hard/libg_nano.a(libc_a-nano-vfprintf_i.o)
                0x080010f0                _printf_common
 *fill*         0x080011ca        0x2 
 .text._printf_i
                0x080011cc      0x23c /Applications/ArmGNUToolchain/13.2.Rel1/arm-none-eabi/bin/../lib/gcc/arm-none-eabi/13.2.1/../../../../arm-none-eabi/lib/thumb/v7e-m+fp/hard/libg_nano.a(libc_a-nano-vfprintf_i.o)
                0x080011cc                _printf_i
 .text.__swbuf_r
                0x08001408       0x7c /Applications/ArmGNUToolchain/13.2.Rel1/arm-none-eabi/bin/../lib/gcc/arm-none-eabi/13.2.1/../../../../arm-none-eabi/lib/thumb/v7e-m+fp/hard/libg_nano.a(libc_a-wbuf.o)
                0x08001408                __swbuf_r
 .text.__swsetup_r
                0x08001484       0xac /Applications/ArmGNUToolchain/13.2.Rel1/arm-none-eabi/bin/../lib/gcc/arm-none-eabi/13.2.1/../../../../arm-none-eabi/lib/thumb/v7e-m+fp/hard/libg_nano.a(libc_a-wsetup.o)
                0x08001484                __swsetup_r
 .text.__swhatbuf_r
                0x08001530       0x4c /Applications/ArmGNUToolchain/13.2.Rel1/arm-none-eabi/bin/../lib/gcc/arm-none-eabi/13.2.1/../../../../arm-none-eabi/lib/thumb/v7e-m+fp/hard/libg_nano.a(libc_a-makebuf.o)
                0x08001530                __swhatbuf_r
 .text.__smakebuf_r
                0x0800157c       0x78 /Applications/ArmGNUToolchain/13.2.Rel1/arm-none-eabi/bin/../lib/gcc/arm-none-eabi/13.2.1/../../../../arm-none-eabi/lib/thumb/v7e-m+fp/hard/libg_nano.a(libc_a-makebuf.o)
                0x0800157c                __smakebuf_r
 .text._fstat_r
                0x080015f4       0x24 /Applications/ArmGNUToolchain/13.2.Rel1/arm-none-eabi/bin/../lib/gcc/arm-none-eabi/13.2.1/../../../../arm-none-eabi/lib/thumb/v7e-m+fp/hard/libg_nano.a(libc_a-fstatr.o)
                0x080015f4                _fstat_r
 .text._isatty_r
                0x08001618       0x20 /Applications/ArmGNUToolchain/13.2.Rel1/arm-none-eabi/bin/../lib/gcc/arm-none-eabi/13.2.1/../../../../arm-none-eabi/lib/thumb/v7e-m+fp/hard/libg_nano.a(libc_a-isattyr.o)
                0x08001618                _isatty_r
 *(.glue_7)
 .glue_7        0x08001638        0x0 linker stubs
 *(.glue_7t)
 .glue_7t       0x08001638        0x0 linker stubs
 *(.eh_frame)
 .eh_frame      0x08001638        0x0 /Applications/ArmGNUToolchain/13.2.Rel1/arm-none-eabi/bin/../lib/gcc/arm-none-eabi/13.2.1/thumb/v7e-m+fp/hard/crtbegin.o
 *(.init)
 .init          0x08001638        0x4 /Applications/ArmGNUToolchain/13.2.Rel1/arm-none-eabi/bin/../lib/gcc/arm-none-eabi/13.2.1/thumb/v7e-m+fp/hard/crti.o
                0x08001638                _init
 .init          0x0800163c        0x8 /Applications/ArmGNUToolchain/13.2.Rel1/arm-none-eabi/bin/../lib/gcc/arm-none-eabi/13.2.1/thumb/v7e-m+fp/hard/crtn.o
 *(.fini)
 .fini          0x08001644        0x4 /Applications/ArmGNUToolchain/13.2.Rel1/arm-none-eabi/bin/../lib/gcc/arm-none-eabi/13.2.1/thumb/v7e-m+fp/hard/crti.o
                0x08001644                _fini
 .fini          0x08001648        0x8 /Applications/ArmGNUToolchain/13.2.Rel1/arm-none-eabi/bin/../lib/gcc/arm-none-eabi/13.2.1/thumb/v7e-m+fp/hard/crtn.o
                0x08001650                        . = ALIGN (0x4)
                0x08001650                        _etext = .

.vfp11_veneer   0x08001650        0x0
 .vfp11_veneer  0x08001650        0x0 linker stubs

.v4_bx          0x08001650        0x0
 .v4_bx         0x08001650        0x0 linker stubs

.iplt           0x08001650        0x0
 .iplt          0x08001650        0x0 /Applications/ArmGNUToolchain/13.2.Rel1/arm-none-eabi/bin/../lib/gcc/arm-none-eabi/13.2.1/thumb/v7e-m+fp/hard/crtbegin.o

.rodata         0x08001650       0x54
                0x08001650                        . = ALIGN (0x4)
 *(.rodata)
 .rodata        0x08001650        0xf CMakeFiles/stm32-wave-generator.dir/src/main.c.obj
 *(.rodata*)
 *fill*         0x0800165f        0x1 
 .rodata.AHBPrescTable
                0x08001660       0x10 CMakeFiles/stm32-wave-generator.dir/src/sys/system_stm32f4xx.c.obj
                0x08001660                AHBPrescTable
 .rodata._vfprintf_r.str1.1
                0x08001670       0x33 /Applications/ArmGNUToolchain/13.2.Rel1/arm-none-eabi/bin/../lib/gcc/arm-none-eabi/13.2.1/../../../../arm-none-eabi/lib/thumb/v7e-m+fp/hard/libg_nano.a(libc_a-nano-vfprintf.o)
                                 0x11 (size before relaxing)
 .rodata._printf_i.str1.1
                0x080016a3       0x22 /Applications/ArmGNUToolchain/13.2.Rel1/arm-none-eabi/bin/../lib/gcc/arm-none-eabi/13.2.1/../../../../arm-none-eabi/lib/thumb/v7e-m+fp/hard/libg_nano.a(libc_a-nano-vfprintf_i.o)
                0x080016c8                        . = ALIGN (0x4)
 *fill*         0x080016a3        0x1 

.ARM.extab
 *(.ARM.extab* .gnu.linkonce.armextab.*)

.ARM            0x080016a4        0x8
                0x080016a4                        __exidx_start = .
 *(.ARM.exidx*)
 .ARM.exidx     0x080016a4        0x8 /Applications/ArmGNUToolchain/13.2.Rel1/arm-none-eabi/bin/../lib/gcc/arm-none-eabi/13.2.1/../../../../arm-none-eabi/lib/thumb/v7e-m+fp/hard/libg_nano.a(libc_a-memchr.o)
                0x080016ac                        __exidx_end = .

.rel.dyn        0x080016ac        0x0
 .rel.iplt      0x080016ac        0x0 /Applications/ArmGNUToolchain/13.2.Rel1/arm-none-eabi/bin/../lib/gcc/arm-none-eabi/13.2.1/thumb/v7e-m+fp/hard/crtbegin.o

.preinit_array  0x080016ac        0x0
                0x080016ac                        PROVIDE (__preinit_array_start = .)
 *(.preinit_array*)
                0x080016ac                        PROVIDE (__preinit_array_end = .)

.init_array     0x080016ac        0x4
                0x080016ac                        PROVIDE (__init_array_start = .)
 *(SORT_BY_NAME(.init_array.*))
 *(.init_array*)
 .init_array    0x080016ac        0x4 /Applications/ArmGNUToolchain/13.2.Rel1/arm-none-eabi/bin/../lib/gcc/arm-none-eabi/13.2.1/thumb/v7e-m+fp/hard/crtbegin.o
                0x080016b0                        PROVIDE (__init_array_end = .)

.fini_array     0x080016b0        0x4
                [!provide]                        PROVIDE (__fini_array_start = .)
 *(SORT_BY_NAME(.fini_array.*))
 *(.fini_array*)
 .fini_array    0x080016b0        0x4 /Applications/ArmGNUToolchain/13.2.Rel1/arm-none-eabi/bin/../lib/gcc/arm-none-eabi/13.2.1/thumb/v7e-m+fp/hard/crtbegin.o
                [!provide]                        PROVIDE (__fini_array_end = .)
                0x080016b4                        _sidata = LOADADDR (.data)

.data           0x20000000       0x60 load address 0x080016b4
                0x20000000                        . = ALIGN (0x4)
                0x20000000                        _sdata = .
 *(.data)
 *(.data*)
 .data.__sglue  0x20000000        0xc /Applications/ArmGNUToolchain/13.2.Rel1/arm-none-eabi/bin/../lib/gcc/arm-none-eabi/13.2.1/../../../../arm-none-eabi/lib/thumb/v7e-m+fp/hard/libc_nano.a(libc_a-findfp.o)
                0x20000000                __sglue
 .data._impure_ptr
                0x2000000c        0x4 /Applications/ArmGNUToolchain/13.2.Rel1/arm-none-eabi/bin/../lib/gcc/arm-none-eabi/13.2.1/../../../../arm-none-eabi/lib/thumb/v7e-m+fp/hard/libc_nano.a(libc_a-impure.o)
                0x2000000c                _impure_ptr
 .data._impure_data
                0x20000010       0x4c /Applications/ArmGNUToolchain/13.2.Rel1/arm-none-eabi/bin/../lib/gcc/arm-none-eabi/13.2.1/../../../../arm-none-eabi/lib/thumb/v7e-m+fp/hard/libc_nano.a(libc_a-impure.o)
                0x20000010                _impure_data
 .data.SystemCoreClock
                0x2000005c        0x4 CMakeFiles/stm32-wave-generator.dir/src/sys/system_stm32f4xx.c.obj
                0x2000005c                SystemCoreClock
                0x20000060                        . = ALIGN (0x4)
                0x20000060                        _edata = .

.tm_clone_table
                0x20000060        0x0 load address 0x08001714
 .tm_clone_table
                0x20000060        0x0 /Applications/ArmGNUToolchain/13.2.Rel1/arm-none-eabi/bin/../lib/gcc/arm-none-eabi/13.2.1/thumb/v7e-m+fp/hard/crtbegin.o
 .tm_clone_table
                0x20000060        0x0 /Applications/ArmGNUToolchain/13.2.Rel1/arm-none-eabi/bin/../lib/gcc/arm-none-eabi/13.2.1/thumb/v7e-m+fp/hard/crtend.o

.igot.plt       0x20000060        0x0 load address 0x08001714
 .igot.plt      0x20000060        0x0 /Applications/ArmGNUToolchain/13.2.Rel1/arm-none-eabi/bin/../lib/gcc/arm-none-eabi/13.2.1/thumb/v7e-m+fp/hard/crtbegin.o
                0x20000060                        . = ALIGN (0x4)

.bss            0x20000060      0x16c load address 0x08001714
                0x20000060                        _sbss = .
                0x20000060                        __bss_start__ = _sbss
 *(.bss)
 *(.bss*)
 .bss.completed.1
                0x20000060        0x1 /Applications/ArmGNUToolchain/13.2.Rel1/arm-none-eabi/bin/../lib/gcc/arm-none-eabi/13.2.1/thumb/v7e-m+fp/hard/crtbegin.o
 *fill*         0x20000061        0x3 
 .bss.object.0  0x20000064       0x18 /Applications/ArmGNUToolchain/13.2.Rel1/arm-none-eabi/bin/../lib/gcc/arm-none-eabi/13.2.1/thumb/v7e-m+fp/hard/crtbegin.o
 .bss.__sf      0x2000007c      0x138 /Applications/ArmGNUToolchain/13.2.Rel1/arm-none-eabi/bin/../lib/gcc/arm-none-eabi/13.2.1/../../../../arm-none-eabi/lib/thumb/v7e-m+fp/hard/libc_nano.a(libc_a-findfp.o)
                0x2000007c                __sf
 .bss.__stdio_exit_handler
                0x200001b4        0x4 /Applications/ArmGNUToolchain/13.2.Rel1/arm-none-eabi/bin/../lib/gcc/arm-none-eabi/13.2.1/../../../../arm-none-eabi/lib/thumb/v7e-m+fp/hard/libc_nano.a(libc_a-findfp.o)
                0x200001b4                __stdio_exit_handler
 .bss.__lock___malloc_recursive_mutex
                0x200001b8        0x1 /Applications/ArmGNUToolchain/13.2.Rel1/arm-none-eabi/bin/../lib/gcc/arm-none-eabi/13.2.1/../../../../arm-none-eabi/lib/thumb/v7e-m+fp/hard/libc_nano.a(libc_a-lock.o)
                0x200001b8                __lock___malloc_recursive_mutex
 .bss.__lock___sfp_recursive_mutex
                0x200001b9        0x1 /Applications/ArmGNUToolchain/13.2.Rel1/arm-none-eabi/bin/../lib/gcc/arm-none-eabi/13.2.1/../../../../arm-none-eabi/lib/thumb/v7e-m+fp/hard/libc_nano.a(libc_a-lock.o)
                0x200001b9                __lock___sfp_recursive_mutex
 *fill*         0x200001ba        0x2 
 .bss.__malloc_sbrk_start
                0x200001bc        0x4 /Applications/ArmGNUToolchain/13.2.Rel1/arm-none-eabi/bin/../lib/gcc/arm-none-eabi/13.2.1/../../../../arm-none-eabi/lib/thumb/v7e-m+fp/hard/libc_nano.a(libc_a-mallocr.o)
                0x200001bc                __malloc_sbrk_start
 .bss.__malloc_free_list
                0x200001c0        0x4 /Applications/ArmGNUToolchain/13.2.Rel1/arm-none-eabi/bin/../lib/gcc/arm-none-eabi/13.2.1/../../../../arm-none-eabi/lib/thumb/v7e-m+fp/hard/libc_nano.a(libc_a-mallocr.o)
                0x200001c0                __malloc_free_list
 .bss.errno     0x200001c4        0x4 /Applications/ArmGNUToolchain/13.2.Rel1/arm-none-eabi/bin/../lib/gcc/arm-none-eabi/13.2.1/../../../../arm-none-eabi/lib/thumb/v7e-m+fp/hard/libc_nano.a(libc_a-reent.o)
                0x200001c4                errno
 .bss.__sbrk_heap_end
                0x200001c8        0x4 CMakeFiles/stm32-wave-generator.dir/src/sys/sysmem.c.obj
 *(COMMON)
                0x200001cc                        . = ALIGN (0x4)
                0x200001cc                        _ebss = .
                0x200001cc                        __bss_end__ = _ebss

._user_heap_stack
                0x200001cc      0x604 load address 0x08001714
                0x200001d0                        . = ALIGN (0x8)
 *fill*         0x200001cc        0x4 
                [!provide]                        PROVIDE (end = .)
                0x200001d0                        PROVIDE (_end = .)
                0x200003d0                        . = (. + _Min_Heap_Size)
 *fill*         0x200001d0      0x200 
                0x200007d0                        . = (. + _Min_Stack_Size)
 *fill*         0x200003d0      0x400 
                0x200007d0                        . = ALIGN (0x8)

/DISCARD/
 libc.a(*)
 libm.a(*)
 libgcc.a(*)

.ARM.attributes
                0x00000000       0x30
 *(.ARM.attributes)
 .ARM.attributes
                0x00000000       0x22 /Applications/ArmGNUToolchain/13.2.Rel1/arm-none-eabi/bin/../lib/gcc/arm-none-eabi/13.2.1/thumb/v7e-m+fp/hard/crti.o
 .ARM.attributes
                0x00000022       0x34 /Applications/ArmGNUToolchain/13.2.Rel1/arm-none-eabi/bin/../lib/gcc/arm-none-eabi/13.2.1/thumb/v7e-m+fp/hard/crtbegin.o
 .ARM.attributes
                0x00000056       0x34 /Applications/ArmGNUToolchain/13.2.Rel1/arm-none-eabi/bin/../lib/gcc/arm-none-eabi/13.2.1/../../../../arm-none-eabi/lib/thumb/v7e-m+fp/hard/libc_nano.a(libc_a-findfp.o)
 .ARM.attributes
                0x0000008a       0x34 /Applications/ArmGNUToolchain/13.2.Rel1/arm-none-eabi/bin/../lib/gcc/arm-none-eabi/13.2.1/../../../../arm-none-eabi/lib/thumb/v7e-m+fp/hard/libc_nano.a(libc_a-fwalk.o)
 .ARM.attributes
                0x000000be       0x34 /Applications/ArmGNUToolchain/13.2.Rel1/arm-none-eabi/bin/../lib/gcc/arm-none-eabi/13.2.1/../../../../arm-none-eabi/lib/thumb/v7e-m+fp/hard/libc_nano.a(libc_a-memset.o)
 .ARM.attributes
                0x000000f2       0x34 /Applications/ArmGNUToolchain/13.2.Rel1/arm-none-eabi/bin/../lib/gcc/arm-none-eabi/13.2.1/../../../../arm-none-eabi/lib/thumb/v7e-m+fp/hard/libc_nano.a(libc_a-impure.o)
 .ARM.attributes
                0x00000126       0x34 /Applications/ArmGNUToolchain/13.2.Rel1/arm-none-eabi/bin/../lib/gcc/arm-none-eabi/13.2.1/../../../../arm-none-eabi/lib/thumb/v7e-m+fp/hard/libc_nano.a(libc_a-init.o)
 .ARM.attributes
                0x0000015a       0x34 /Applications/ArmGNUToolchain/13.2.Rel1/arm-none-eabi/bin/../lib/gcc/arm-none-eabi/13.2.1/../../../../arm-none-eabi/lib/thumb/v7e-m+fp/hard/libc_nano.a(libc_a-lock.o)
 .ARM.attributes
                0x0000018e       0x34 /Applications/ArmGNUToolchain/13.2.Rel1/arm-none-eabi/bin/../lib/gcc/arm-none-eabi/13.2.1/../../../../arm-none-eabi/lib/thumb/v7e-m+fp/hard/libc_nano.a(libc_a-mallocr.o)
 .ARM.attributes
                0x000001c2       0x34 /Applications/ArmGNUToolchain/13.2.Rel1/arm-none-eabi/bin/../lib/gcc/arm-none-eabi/13.2.1/../../../../arm-none-eabi/lib/thumb/v7e-m+fp/hard/libc_nano.a(libc_a-fflush.o)
 .ARM.attributes
                0x000001f6       0x34 /Applications/ArmGNUToolchain/13.2.Rel1/arm-none-eabi/bin/../lib/gcc/arm-none-eabi/13.2.1/../../../../arm-none-eabi/lib/thumb/v7e-m+fp/hard/libc_nano.a(libc_a-mlock.o)
 .ARM.attributes
                0x0000022a       0x34 /Applications/ArmGNUToolchain/13.2.Rel1/arm-none-eabi/bin/../lib/gcc/arm-none-eabi/13.2.1/../../../../arm-none-eabi/lib/thumb/v7e-m+fp/hard/libc_nano.a(libc_a-stdio.o)
 .ARM.attributes
                0x0000025e       0x34 /Applications/ArmGNUToolchain/13.2.Rel1/arm-none-eabi/bin/../lib/gcc/arm-none-eabi/13.2.1/../../../../arm-none-eabi/lib/thumb/v7e-m+fp/hard/libc_nano.a(libc_a-closer.o)
 .ARM.attributes
                0x00000292       0x34 /Applications/ArmGNUToolchain/13.2.Rel1/arm-none-eabi/bin/../lib/gcc/arm-none-eabi/13.2.1/../../../../arm-none-eabi/lib/thumb/v7e-m+fp/hard/libc_nano.a(libc_a-reent.o)
 .ARM.attributes
                0x000002c6       0x34 /Applications/ArmGNUToolchain/13.2.Rel1/arm-none-eabi/bin/../lib/gcc/arm-none-eabi/13.2.1/../../../../arm-none-eabi/lib/thumb/v7e-m+fp/hard/libc_nano.a(libc_a-lseekr.o)
 .ARM.attributes
                0x000002fa       0x34 /Applications/ArmGNUToolchain/13.2.Rel1/arm-none-eabi/bin/../lib/gcc/arm-none-eabi/13.2.1/../../../../arm-none-eabi/lib/thumb/v7e-m+fp/hard/libc_nano.a(libc_a-readr.o)
 .ARM.attributes
                0x0000032e       0x34 /Applications/ArmGNUToolchain/13.2.Rel1/arm-none-eabi/bin/../lib/gcc/arm-none-eabi/13.2.1/../../../../arm-none-eabi/lib/thumb/v7e-m+fp/hard/libc_nano.a(libc_a-sbrkr.o)
 .ARM.attributes
                0x00000362       0x34 /Applications/ArmGNUToolchain/13.2.Rel1/arm-none-eabi/bin/../lib/gcc/arm-none-eabi/13.2.1/../../../../arm-none-eabi/lib/thumb/v7e-m+fp/hard/libc_nano.a(libc_a-writer.o)
 .ARM.attributes
                0x00000396       0x34 /Applications/ArmGNUToolchain/13.2.Rel1/arm-none-eabi/bin/../lib/gcc/arm-none-eabi/13.2.1/../../../../arm-none-eabi/lib/thumb/v7e-m+fp/hard/libc_nano.a(libc_a-freer.o)
 .ARM.attributes
                0x000003ca       0x34 CMakeFiles/stm32-wave-generator.dir/src/main.c.obj
 .ARM.attributes
                0x000003fe       0x34 CMakeFiles/stm32-wave-generator.dir/src/sys/syscalls.c.obj
 .ARM.attributes
                0x00000432       0x34 CMakeFiles/stm32-wave-generator.dir/src/sys/sysmem.c.obj
 .ARM.attributes
                0x00000466       0x34 CMakeFiles/stm32-wave-generator.dir/src/sys/system_stm32f4xx.c.obj
 .ARM.attributes
                0x0000049a       0x34 CMakeFiles/stm32-wave-generator.dir/src/rcc.c.obj
 .ARM.attributes
                0x000004ce       0x34 CMakeFiles/stm32-wave-generator.dir/src/uart.c.obj
 .ARM.attributes
                0x00000502       0x21 CMakeFiles/stm32-wave-generator.dir/src/boot/startup_stm32f446xx.s.obj
 .ARM.attributes
                0x00000523       0x34 /Applications/ArmGNUToolchain/13.2.Rel1/arm-none-eabi/bin/../lib/gcc/arm-none-eabi/13.2.1/../../../../arm-none-eabi/lib/thumb/v7e-m+fp/hard/libg_nano.a(libc_a-printf.o)
 .ARM.attributes
                0x00000557       0x34 /Applications/ArmGNUToolchain/13.2.Rel1/arm-none-eabi/bin/../lib/gcc/arm-none-eabi/13.2.1/../../../../arm-none-eabi/lib/thumb/v7e-m+fp/hard/libg_nano.a(libc_a-errno.o)
 .ARM.attributes
                0x0000058b       0x34 /Applications/ArmGNUToolchain/13.2.Rel1/arm-none-eabi/bin/../lib/gcc/arm-none-eabi/13.2.1/../../../../arm-none-eabi/lib/thumb/v7e-m+fp/hard/libg_nano.a(libc_a-nano-vfprintf.o)
 .ARM.attributes
                0x000005bf       0x34 /Applications/ArmGNUToolchain/13.2.Rel1/arm-none-eabi/bin/../lib/gcc/arm-none-eabi/13.2.1/../../../../arm-none-eabi/lib/thumb/v7e-m+fp/hard/libg_nano.a(libc_a-nano-vfprintf_i.o)
 .ARM.attributes
                0x000005f3       0x34 /Applications/ArmGNUToolchain/13.2.Rel1/arm-none-eabi/bin/../lib/gcc/arm-none-eabi/13.2.1/../../../../arm-none-eabi/lib/thumb/v7e-m+fp/hard/libg_nano.a(libc_a-wbuf.o)
 .ARM.attributes
                0x00000627       0x34 /Applications/ArmGNUToolchain/13.2.Rel1/arm-none-eabi/bin/../lib/gcc/arm-none-eabi/13.2.1/../../../../arm-none-eabi/lib/thumb/v7e-m+fp/hard/libg_nano.a(libc_a-wsetup.o)
 .ARM.attributes
                0x0000065b       0x34 /Applications/ArmGNUToolchain/13.2.Rel1/arm-none-eabi/bin/../lib/gcc/arm-none-eabi/13.2.1/../../../../arm-none-eabi/lib/thumb/v7e-m+fp/hard/libg_nano.a(libc_a-makebuf.o)
 .ARM.attributes
                0x0000068f       0x34 /Applications/ArmGNUToolchain/13.2.Rel1/arm-none-eabi/bin/../lib/gcc/arm-none-eabi/13.2.1/../../../../arm-none-eabi/lib/thumb/v7e-m+fp/hard/libg_nano.a(libc_a-fstatr.o)
 .ARM.attributes
                0x000006c3       0x34 /Applications/ArmGNUToolchain/13.2.Rel1/arm-none-eabi/bin/../lib/gcc/arm-none-eabi/13.2.1/../../../../arm-none-eabi/lib/thumb/v7e-m+fp/hard/libg_nano.a(libc_a-isattyr.o)
 .ARM.attributes
                0x000006f7       0x1c /Applications/ArmGNUToolchain/13.2.Rel1/arm-none-eabi/bin/../lib/gcc/arm-none-eabi/13.2.1/../../../../arm-none-eabi/lib/thumb/v7e-m+fp/hard/libg_nano.a(libc_a-memchr.o)
 .ARM.attributes
                0x00000713       0x34 /Applications/ArmGNUToolchain/13.2.Rel1/arm-none-eabi/bin/../lib/gcc/arm-none-eabi/13.2.1/thumb/v7e-m+fp/hard/crtend.o
 .ARM.attributes
                0x00000747       0x22 /Applications/ArmGNUToolchain/13.2.Rel1/arm-none-eabi/bin/../lib/gcc/arm-none-eabi/13.2.1/thumb/v7e-m+fp/hard/crtn.o
OUTPUT(stm32-wave-generator.elf elf32-littlearm)
LOAD linker stubs
LOAD /Applications/ArmGNUToolchain/13.2.Rel1/arm-none-eabi/bin/../lib/gcc/arm-none-eabi/13.2.1/../../../../arm-none-eabi/lib/thumb/v7e-m+fp/hard/libc.a
LOAD /Applications/ArmGNUToolchain/13.2.Rel1/arm-none-eabi/bin/../lib/gcc/arm-none-eabi/13.2.1/../../../../arm-none-eabi/lib/thumb/v7e-m+fp/hard/libm.a
LOAD /Applications/ArmGNUToolchain/13.2.Rel1/arm-none-eabi/bin/../lib/gcc/arm-none-eabi/13.2.1/thumb/v7e-m+fp/hard/libgcc.a

.debug_frame    0x00000000      0xbe4
 .debug_frame   0x00000000      0x144 /Applications/ArmGNUToolchain/13.2.Rel1/arm-none-eabi/bin/../lib/gcc/arm-none-eabi/13.2.1/../../../../arm-none-eabi/lib/thumb/v7e-m+fp/hard/libc_nano.a(libc_a-findfp.o)
 .debug_frame   0x00000144       0x34 /Applications/ArmGNUToolchain/13.2.Rel1/arm-none-eabi/bin/../lib/gcc/arm-none-eabi/13.2.1/../../../../arm-none-eabi/lib/thumb/v7e-m+fp/hard/libc_nano.a(libc_a-fwalk.o)
 .debug_frame   0x00000178       0x20 /Applications/ArmGNUToolchain/13.2.Rel1/arm-none-eabi/bin/../lib/gcc/arm-none-eabi/13.2.1/../../../../arm-none-eabi/lib/thumb/v7e-m+fp/hard/libc_nano.a(libc_a-memset.o)
 .debug_frame   0x00000198       0x2c /Applications/ArmGNUToolchain/13.2.Rel1/arm-none-eabi/bin/../lib/gcc/arm-none-eabi/13.2.1/../../../../arm-none-eabi/lib/thumb/v7e-m+fp/hard/libc_nano.a(libc_a-init.o)
 .debug_frame   0x000001c4       0xb0 /Applications/ArmGNUToolchain/13.2.Rel1/arm-none-eabi/bin/../lib/gcc/arm-none-eabi/13.2.1/../../../../arm-none-eabi/lib/thumb/v7e-m+fp/hard/libc_nano.a(libc_a-lock.o)
 .debug_frame   0x00000274       0x50 /Applications/ArmGNUToolchain/13.2.Rel1/arm-none-eabi/bin/../lib/gcc/arm-none-eabi/13.2.1/../../../../arm-none-eabi/lib/thumb/v7e-m+fp/hard/libc_nano.a(libc_a-mallocr.o)
 .debug_frame   0x000002c4       0x5c /Applications/ArmGNUToolchain/13.2.Rel1/arm-none-eabi/bin/../lib/gcc/arm-none-eabi/13.2.1/../../../../arm-none-eabi/lib/thumb/v7e-m+fp/hard/libc_nano.a(libc_a-fflush.o)
 .debug_frame   0x00000320       0x30 /Applications/ArmGNUToolchain/13.2.Rel1/arm-none-eabi/bin/../lib/gcc/arm-none-eabi/13.2.1/../../../../arm-none-eabi/lib/thumb/v7e-m+fp/hard/libc_nano.a(libc_a-mlock.o)
 .debug_frame   0x00000350       0x88 /Applications/ArmGNUToolchain/13.2.Rel1/arm-none-eabi/bin/../lib/gcc/arm-none-eabi/13.2.1/../../../../arm-none-eabi/lib/thumb/v7e-m+fp/hard/libc_nano.a(libc_a-stdio.o)
 .debug_frame   0x000003d8       0x2c /Applications/ArmGNUToolchain/13.2.Rel1/arm-none-eabi/bin/../lib/gcc/arm-none-eabi/13.2.1/../../../../arm-none-eabi/lib/thumb/v7e-m+fp/hard/libc_nano.a(libc_a-closer.o)
 .debug_frame   0x00000404       0x38 /Applications/ArmGNUToolchain/13.2.Rel1/arm-none-eabi/bin/../lib/gcc/arm-none-eabi/13.2.1/../../../../arm-none-eabi/lib/thumb/v7e-m+fp/hard/libc_nano.a(libc_a-reent.o)
 .debug_frame   0x0000043c       0x2c /Applications/ArmGNUToolchain/13.2.Rel1/arm-none-eabi/bin/../lib/gcc/arm-none-eabi/13.2.1/../../../../arm-none-eabi/lib/thumb/v7e-m+fp/hard/libc_nano.a(libc_a-lseekr.o)
 .debug_frame   0x00000468       0x2c /Applications/ArmGNUToolchain/13.2.Rel1/arm-none-eabi/bin/../lib/gcc/arm-none-eabi/13.2.1/../../../../arm-none-eabi/lib/thumb/v7e-m+fp/hard/libc_nano.a(libc_a-readr.o)
 .debug_frame   0x00000494       0x2c /Applications/ArmGNUToolchain/13.2.Rel1/arm-none-eabi/bin/../lib/gcc/arm-none-eabi/13.2.1/../../../../arm-none-eabi/lib/thumb/v7e-m+fp/hard/libc_nano.a(libc_a-sbrkr.o)
 .debug_frame   0x000004c0       0x2c /Applications/ArmGNUToolchain/13.2.Rel1/arm-none-eabi/bin/../lib/gcc/arm-none-eabi/13.2.1/../../../../arm-none-eabi/lib/thumb/v7e-m+fp/hard/libc_nano.a(libc_a-writer.o)
 .debug_frame   0x000004ec       0x38 /Applications/ArmGNUToolchain/13.2.Rel1/arm-none-eabi/bin/../lib/gcc/arm-none-eabi/13.2.1/../../../../arm-none-eabi/lib/thumb/v7e-m+fp/hard/libc_nano.a(libc_a-freer.o)
 .debug_frame   0x00000524       0x30 CMakeFiles/stm32-wave-generator.dir/src/main.c.obj
 .debug_frame   0x00000554      0x2ac CMakeFiles/stm32-wave-generator.dir/src/sys/syscalls.c.obj
 .debug_frame   0x00000800       0x34 CMakeFiles/stm32-wave-generator.dir/src/sys/sysmem.c.obj
 .debug_frame   0x00000834       0x58 CMakeFiles/stm32-wave-generator.dir/src/sys/system_stm32f4xx.c.obj
 .debug_frame   0x0000088c       0x2c CMakeFiles/stm32-wave-generator.dir/src/rcc.c.obj
 .debug_frame   0x000008b8       0x7c CMakeFiles/stm32-wave-generator.dir/src/uart.c.obj
 .debug_frame   0x00000934       0x6c /Applications/ArmGNUToolchain/13.2.Rel1/arm-none-eabi/bin/../lib/gcc/arm-none-eabi/13.2.1/../../../../arm-none-eabi/lib/thumb/v7e-m+fp/hard/libg_nano.a(libc_a-printf.o)
 .debug_frame   0x000009a0       0x20 /Applications/ArmGNUToolchain/13.2.Rel1/arm-none-eabi/bin/../lib/gcc/arm-none-eabi/13.2.1/../../../../arm-none-eabi/lib/thumb/v7e-m+fp/hard/libg_nano.a(libc_a-errno.o)
 .debug_frame   0x000009c0       0xa8 /Applications/ArmGNUToolchain/13.2.Rel1/arm-none-eabi/bin/../lib/gcc/arm-none-eabi/13.2.1/../../../../arm-none-eabi/lib/thumb/v7e-m+fp/hard/libg_nano.a(libc_a-nano-vfprintf.o)
 .debug_frame   0x00000a68       0x60 /Applications/ArmGNUToolchain/13.2.Rel1/arm-none-eabi/bin/../lib/gcc/arm-none-eabi/13.2.1/../../../../arm-none-eabi/lib/thumb/v7e-m+fp/hard/libg_nano.a(libc_a-nano-vfprintf_i.o)
 .debug_frame   0x00000ac8       0x40 /Applications/ArmGNUToolchain/13.2.Rel1/arm-none-eabi/bin/../lib/gcc/arm-none-eabi/13.2.1/../../../../arm-none-eabi/lib/thumb/v7e-m+fp/hard/libg_nano.a(libc_a-wbuf.o)
 .debug_frame   0x00000b08       0x2c /Applications/ArmGNUToolchain/13.2.Rel1/arm-none-eabi/bin/../lib/gcc/arm-none-eabi/13.2.1/../../../../arm-none-eabi/lib/thumb/v7e-m+fp/hard/libg_nano.a(libc_a-wsetup.o)
 .debug_frame   0x00000b34       0x58 /Applications/ArmGNUToolchain/13.2.Rel1/arm-none-eabi/bin/../lib/gcc/arm-none-eabi/13.2.1/../../../../arm-none-eabi/lib/thumb/v7e-m+fp/hard/libg_nano.a(libc_a-makebuf.o)
 .debug_frame   0x00000b8c       0x2c /Applications/ArmGNUToolchain/13.2.Rel1/arm-none-eabi/bin/../lib/gcc/arm-none-eabi/13.2.1/../../../../arm-none-eabi/lib/thumb/v7e-m+fp/hard/libg_nano.a(libc_a-fstatr.o)
 .debug_frame   0x00000bb8       0x2c /Applications/ArmGNUToolchain/13.2.Rel1/arm-none-eabi/bin/../lib/gcc/arm-none-eabi/13.2.1/../../../../arm-none-eabi/lib/thumb/v7e-m+fp/hard/libg_nano.a(libc_a-isattyr.o)

.debug_info     0x00000000     0x1511
 .debug_info    0x00000000       0xe5 CMakeFiles/stm32-wave-generator.dir/src/main.c.obj
 .debug_info    0x000000e5      0x6a3 CMakeFiles/stm32-wave-generator.dir/src/sys/syscalls.c.obj
 .debug_info    0x00000788      0x168 CMakeFiles/stm32-wave-generator.dir/src/sys/sysmem.c.obj
 .debug_info    0x000008f0      0x543 CMakeFiles/stm32-wave-generator.dir/src/sys/system_stm32f4xx.c.obj
 .debug_info    0x00000e33      0x2c9 CMakeFiles/stm32-wave-generator.dir/src/rcc.c.obj
 .debug_info    0x000010fc      0x3e5 CMakeFiles/stm32-wave-generator.dir/src/uart.c.obj
 .debug_info    0x000014e1       0x30 CMakeFiles/stm32-wave-generator.dir/src/boot/startup_stm32f446xx.s.obj

.debug_abbrev   0x00000000      0x647
 .debug_abbrev  0x00000000       0x9e CMakeFiles/stm32-wave-generator.dir/src/main.c.obj
 .debug_abbrev  0x0000009e      0x1b6 CMakeFiles/stm32-wave-generator.dir/src/sys/syscalls.c.obj
 .debug_abbrev  0x00000254       0xbc CMakeFiles/stm32-wave-generator.dir/src/sys/sysmem.c.obj
 .debug_abbrev  0x00000310      0x11a CMakeFiles/stm32-wave-generator.dir/src/sys/system_stm32f4xx.c.obj
 .debug_abbrev  0x0000042a       0xc6 CMakeFiles/stm32-wave-generator.dir/src/rcc.c.obj
 .debug_abbrev  0x000004f0      0x133 CMakeFiles/stm32-wave-generator.dir/src/uart.c.obj
 .debug_abbrev  0x00000623       0x24 CMakeFiles/stm32-wave-generator.dir/src/boot/startup_stm32f446xx.s.obj

.debug_aranges  0x00000000      0x188
 .debug_aranges
                0x00000000       0x20 CMakeFiles/stm32-wave-generator.dir/src/main.c.obj
 .debug_aranges
                0x00000020       0xa8 CMakeFiles/stm32-wave-generator.dir/src/sys/syscalls.c.obj
 .debug_aranges
                0x000000c8       0x20 CMakeFiles/stm32-wave-generator.dir/src/sys/sysmem.c.obj
 .debug_aranges
                0x000000e8       0x28 CMakeFiles/stm32-wave-generator.dir/src/sys/system_stm32f4xx.c.obj
 .debug_aranges
                0x00000110       0x20 CMakeFiles/stm32-wave-generator.dir/src/rcc.c.obj
 .debug_aranges
                0x00000130       0x30 CMakeFiles/stm32-wave-generator.dir/src/uart.c.obj
 .debug_aranges
                0x00000160       0x28 CMakeFiles/stm32-wave-generator.dir/src/boot/startup_stm32f446xx.s.obj

.debug_rnglists
                0x00000000      0x106
 .debug_rnglists
                0x00000000       0x13 CMakeFiles/stm32-wave-generator.dir/src/main.c.obj
 .debug_rnglists
                0x00000013       0x79 CMakeFiles/stm32-wave-generator.dir/src/sys/syscalls.c.obj
 .debug_rnglists
                0x0000008c       0x13 CMakeFiles/stm32-wave-generator.dir/src/sys/sysmem.c.obj
 .debug_rnglists
                0x0000009f       0x1a CMakeFiles/stm32-wave-generator.dir/src/sys/system_stm32f4xx.c.obj
 .debug_rnglists
                0x000000b9       0x14 CMakeFiles/stm32-wave-generator.dir/src/rcc.c.obj
 .debug_rnglists
                0x000000cd       0x20 CMakeFiles/stm32-wave-generator.dir/src/uart.c.obj
 .debug_rnglists
                0x000000ed       0x19 CMakeFiles/stm32-wave-generator.dir/src/boot/startup_stm32f446xx.s.obj

.debug_macro    0x00000000    0x1a8c6
 .debug_macro   0x00000000      0x1d4 CMakeFiles/stm32-wave-generator.dir/src/main.c.obj
 .debug_macro   0x000001d4      0xad2 CMakeFiles/stm32-wave-generator.dir/src/main.c.obj
 .debug_macro   0x00000ca6       0x28 CMakeFiles/stm32-wave-generator.dir/src/main.c.obj
 .debug_macro   0x00000cce       0x22 CMakeFiles/stm32-wave-generator.dir/src/main.c.obj
 .debug_macro   0x00000cf0       0x8e CMakeFiles/stm32-wave-generator.dir/src/main.c.obj
 .debug_macro   0x00000d7e       0x51 CMakeFiles/stm32-wave-generator.dir/src/main.c.obj
 .debug_macro   0x00000dcf      0x103 CMakeFiles/stm32-wave-generator.dir/src/main.c.obj
 .debug_macro   0x00000ed2       0x6a CMakeFiles/stm32-wave-generator.dir/src/main.c.obj
 .debug_macro   0x00000f3c      0x1df CMakeFiles/stm32-wave-generator.dir/src/main.c.obj
 .debug_macro   0x0000111b       0x1c CMakeFiles/stm32-wave-generator.dir/src/main.c.obj
 .debug_macro   0x00001137       0x22 CMakeFiles/stm32-wave-generator.dir/src/main.c.obj
 .debug_macro   0x00001159       0xfb CMakeFiles/stm32-wave-generator.dir/src/main.c.obj
 .debug_macro   0x00001254     0x1011 CMakeFiles/stm32-wave-generator.dir/src/main.c.obj
 .debug_macro   0x00002265      0x11f CMakeFiles/stm32-wave-generator.dir/src/main.c.obj
 .debug_macro   0x00002384    0x16749 CMakeFiles/stm32-wave-generator.dir/src/main.c.obj
 .debug_macro   0x00018acd       0x7b CMakeFiles/stm32-wave-generator.dir/src/main.c.obj
 .debug_macro   0x00018b48       0x2a CMakeFiles/stm32-wave-generator.dir/src/main.c.obj
 .debug_macro   0x00018b72       0x3c CMakeFiles/stm32-wave-generator.dir/src/main.c.obj
 .debug_macro   0x00018bae       0x34 CMakeFiles/stm32-wave-generator.dir/src/main.c.obj
 .debug_macro   0x00018be2      0x190 CMakeFiles/stm32-wave-generator.dir/src/main.c.obj
 .debug_macro   0x00018d72      0x370 CMakeFiles/stm32-wave-generator.dir/src/main.c.obj
 .debug_macro   0x000190e2       0x16 CMakeFiles/stm32-wave-generator.dir/src/main.c.obj
 .debug_macro   0x000190f8       0x4a CMakeFiles/stm32-wave-generator.dir/src/main.c.obj
 .debug_macro   0x00019142       0x34 CMakeFiles/stm32-wave-generator.dir/src/main.c.obj
 .debug_macro   0x00019176       0x10 CMakeFiles/stm32-wave-generator.dir/src/main.c.obj
 .debug_macro   0x00019186       0x58 CMakeFiles/stm32-wave-generator.dir/src/main.c.obj
 .debug_macro   0x000191de      0x1de CMakeFiles/stm32-wave-generator.dir/src/main.c.obj
 .debug_macro   0x000193bc       0x10 CMakeFiles/stm32-wave-generator.dir/src/main.c.obj
 .debug_macro   0x000193cc       0x3c CMakeFiles/stm32-wave-generator.dir/src/main.c.obj
 .debug_macro   0x00019408       0x1c CMakeFiles/stm32-wave-generator.dir/src/main.c.obj
 .debug_macro   0x00019424       0x10 CMakeFiles/stm32-wave-generator.dir/src/main.c.obj
 .debug_macro   0x00019434       0x1c CMakeFiles/stm32-wave-generator.dir/src/main.c.obj
 .debug_macro   0x00019450       0x16 CMakeFiles/stm32-wave-generator.dir/src/main.c.obj
 .debug_macro   0x00019466      0x170 CMakeFiles/stm32-wave-generator.dir/src/main.c.obj
 .debug_macro   0x000195d6      0x265 CMakeFiles/stm32-wave-generator.dir/src/sys/syscalls.c.obj
 .debug_macro   0x0001983b       0x75 CMakeFiles/stm32-wave-generator.dir/src/sys/syscalls.c.obj
 .debug_macro   0x000198b0       0x94 CMakeFiles/stm32-wave-generator.dir/src/sys/syscalls.c.obj
 .debug_macro   0x00019944       0x57 CMakeFiles/stm32-wave-generator.dir/src/sys/syscalls.c.obj
 .debug_macro   0x0001999b       0x10 CMakeFiles/stm32-wave-generator.dir/src/sys/syscalls.c.obj
 .debug_macro   0x000199ab       0x10 CMakeFiles/stm32-wave-generator.dir/src/sys/syscalls.c.obj
 .debug_macro   0x000199bb       0x10 CMakeFiles/stm32-wave-generator.dir/src/sys/syscalls.c.obj
 .debug_macro   0x000199cb       0x10 CMakeFiles/stm32-wave-generator.dir/src/sys/syscalls.c.obj
 .debug_macro   0x000199db       0x1c CMakeFiles/stm32-wave-generator.dir/src/sys/syscalls.c.obj
 .debug_macro   0x000199f7       0x52 CMakeFiles/stm32-wave-generator.dir/src/sys/syscalls.c.obj
 .debug_macro   0x00019a49       0x22 CMakeFiles/stm32-wave-generator.dir/src/sys/syscalls.c.obj
 .debug_macro   0x00019a6b       0x10 CMakeFiles/stm32-wave-generator.dir/src/sys/syscalls.c.obj
 .debug_macro   0x00019a7b       0x52 CMakeFiles/stm32-wave-generator.dir/src/sys/syscalls.c.obj
 .debug_macro   0x00019acd       0xcf CMakeFiles/stm32-wave-generator.dir/src/sys/syscalls.c.obj
 .debug_macro   0x00019b9c       0x1c CMakeFiles/stm32-wave-generator.dir/src/sys/syscalls.c.obj
 .debug_macro   0x00019bb8       0x3d CMakeFiles/stm32-wave-generator.dir/src/sys/syscalls.c.obj
 .debug_macro   0x00019bf5       0x35 CMakeFiles/stm32-wave-generator.dir/src/sys/syscalls.c.obj
 .debug_macro   0x00019c2a      0x12c CMakeFiles/stm32-wave-generator.dir/src/sys/syscalls.c.obj
 .debug_macro   0x00019d56       0x16 CMakeFiles/stm32-wave-generator.dir/src/sys/syscalls.c.obj
 .debug_macro   0x00019d6c       0x16 CMakeFiles/stm32-wave-generator.dir/src/sys/syscalls.c.obj
 .debug_macro   0x00019d82       0x29 CMakeFiles/stm32-wave-generator.dir/src/sys/syscalls.c.obj
 .debug_macro   0x00019dab       0x10 CMakeFiles/stm32-wave-generator.dir/src/sys/syscalls.c.obj
 .debug_macro   0x00019dbb      0x242 CMakeFiles/stm32-wave-generator.dir/src/sys/syscalls.c.obj
 .debug_macro   0x00019ffd       0x10 CMakeFiles/stm32-wave-generator.dir/src/sys/syscalls.c.obj
 .debug_macro   0x0001a00d      0x18a CMakeFiles/stm32-wave-generator.dir/src/sys/syscalls.c.obj
 .debug_macro   0x0001a197       0x16 CMakeFiles/stm32-wave-generator.dir/src/sys/syscalls.c.obj
 .debug_macro   0x0001a1ad       0xce CMakeFiles/stm32-wave-generator.dir/src/sys/syscalls.c.obj
 .debug_macro   0x0001a27b       0xff CMakeFiles/stm32-wave-generator.dir/src/sys/sysmem.c.obj
 .debug_macro   0x0001a37a      0x23c CMakeFiles/stm32-wave-generator.dir/src/sys/sysmem.c.obj
 .debug_macro   0x0001a5b6       0xda CMakeFiles/stm32-wave-generator.dir/src/sys/system_stm32f4xx.c.obj
 .debug_macro   0x0001a690       0x2e CMakeFiles/stm32-wave-generator.dir/src/sys/system_stm32f4xx.c.obj
 .debug_macro   0x0001a6be       0x6d CMakeFiles/stm32-wave-generator.dir/src/sys/system_stm32f4xx.c.obj
 .debug_macro   0x0001a72b       0xc9 CMakeFiles/stm32-wave-generator.dir/src/rcc.c.obj
 .debug_macro   0x0001a7f4       0xd2 CMakeFiles/stm32-wave-generator.dir/src/uart.c.obj

.debug_line     0x00000000     0x1a50
 .debug_line    0x00000000      0x458 CMakeFiles/stm32-wave-generator.dir/src/main.c.obj
 .debug_line    0x00000458      0x613 CMakeFiles/stm32-wave-generator.dir/src/sys/syscalls.c.obj
 .debug_line    0x00000a6b      0x2ef CMakeFiles/stm32-wave-generator.dir/src/sys/sysmem.c.obj
 .debug_line    0x00000d5a      0x41e CMakeFiles/stm32-wave-generator.dir/src/sys/system_stm32f4xx.c.obj
 .debug_line    0x00001178      0x416 CMakeFiles/stm32-wave-generator.dir/src/rcc.c.obj
 .debug_line    0x0000158e      0x448 CMakeFiles/stm32-wave-generator.dir/src/uart.c.obj
 .debug_line    0x000019d6       0x7a CMakeFiles/stm32-wave-generator.dir/src/boot/startup_stm32f446xx.s.obj

.debug_str      0x00000000    0x90a41
 .debug_str     0x00000000    0x90a41 CMakeFiles/stm32-wave-generator.dir/src/main.c.obj
                              0x8df68 (size before relaxing)
 .debug_str     0x00090a41     0x9424 CMakeFiles/stm32-wave-generator.dir/src/sys/syscalls.c.obj
 .debug_str     0x00090a41     0x711d CMakeFiles/stm32-wave-generator.dir/src/sys/sysmem.c.obj
 .debug_str     0x00090a41    0x8b315 CMakeFiles/stm32-wave-generator.dir/src/sys/system_stm32f4xx.c.obj
 .debug_str     0x00090a41    0x8ab28 CMakeFiles/stm32-wave-generator.dir/src/rcc.c.obj
 .debug_str     0x00090a41    0x8aeb8 CMakeFiles/stm32-wave-generator.dir/src/uart.c.obj
 .debug_str     0x00090a41       0xbd CMakeFiles/stm32-wave-generator.dir/src/boot/startup_stm32f446xx.s.obj

.comment        0x00000000       0x44
 .comment       0x00000000       0x44 CMakeFiles/stm32-wave-generator.dir/src/main.c.obj
                                 0x45 (size before relaxing)
 .comment       0x00000044       0x45 CMakeFiles/stm32-wave-generator.dir/src/sys/syscalls.c.obj
 .comment       0x00000044       0x45 CMakeFiles/stm32-wave-generator.dir/src/sys/sysmem.c.obj
 .comment       0x00000044       0x45 CMakeFiles/stm32-wave-generator.dir/src/sys/system_stm32f4xx.c.obj
 .comment       0x00000044       0x45 CMakeFiles/stm32-wave-generator.dir/src/rcc.c.obj
 .comment       0x00000044       0x45 CMakeFiles/stm32-wave-generator.dir/src/uart.c.obj

.debug_line_str
                0x00000000      0x18b
 .debug_line_str
                0x00000000      0x18b CMakeFiles/stm32-wave-generator.dir/src/boot/startup_stm32f446xx.s.obj
                                 0xa1 (size before relaxing)
 .debug_line_str
                0x0000018b       0xea /Applications/ArmGNUToolchain/13.2.Rel1/arm-none-eabi/bin/../lib/gcc/arm-none-eabi/13.2.1/../../../../arm-none-eabi/lib/thumb/v7e-m+fp/hard/libg_nano.a(libc_a-memchr.o)
